// Jest Snapshot v1, https://goo.gl/fbAQLP

exports[`test expenseList components 1`] = `
<div>
  <Connect(ExpenseListItem)
    amount={100}
    createdAt={0}
    description="ONE"
    id="1"
    key="1"
    note="one"
  />
  <Connect(ExpenseListItem)
    amount={200}
    createdAt={-345600000}
    description="TWO"
    id="2"
    key="2"
    note="two"
  />
  <Connect(ExpenseListItem)
    amount={300}
    createdAt={345600000}
    description="THREE"
    id="3"
    key="3"
    note="three"
  />
</div>
`;

exports[`test expenseList components without any data 1`] = `
<div>
  <h1>
    no Expenses List
  </h1>
</div>
`;
