// Jest Snapshot v1, https://goo.gl/fbAQLP

exports[`testing expense dashboard 1`] = `
<div>
  <Connect(ExpensesFilters) />
  <Connect(ExpensesList) />
</div>
`;
