// Jest Snapshot v1, https://goo.gl/fbAQLP

exports[`test header components 1`] = `
<header>
  <h1>
    Expensify
  </h1>
  <NavLink
    activeClassName="is-active"
    aria-current="page"
    exact={true}
    to="/"
  >
    dasheBoadrd
  </NavLink>
  <NavLink
    activeClassName="is-active"
    aria-current="page"
    to="/add"
  >
    Creat Expenses
  </NavLink>
  <NavLink
    activeClassName="is-active"
    aria-current="page"
    to="/help"
  >
    Help
  </NavLink>
</header>
`;
