// Jest Snapshot v1, https://goo.gl/fbAQLP

exports[`Not Foun page testing 1`] = `
<div>
  404 - 
  <Link
    replace={false}
    to="/"
  >
     go Home
  </Link>
</div>
`;
